Process 5875 exited: 0
Process 5876 exited: 0
Process 5877 exited: 0
Process 5878 exited: 0
