Process 5881 exited: 0
Process 5882 exited: 0
Process 5883 exited: 0
Process 5884 exited: 0
Process 5885 exited: 0
Process 5886 exited: 0
