Process 5889 exited: 0
Process 5890 exited: 0
Process 5891 exited: 1
Process 5892 exited: 0
Process 5893 exited: 1
Process 5894 exited: 0
Process 5895 exited: 0
Process 5896 exited: 0
Process 5897 exited: 1
Process 5898 exited: 0
Process 5898 exited: 0
Process 5899 exited: 0
Process 5900 exited: 0
Process 5901 exited: 0
Process 5902 exited: 0
Process 5903 exited: 0
Process 5904 exited: 0
Process 5905 exited: 0
Process 5906 exited: 0
Process 5907 exited: 0
