Process 5910 exited: 0
Process 5911 exited: 0
Process 5912 exited: 0
Process 5913 exited: 0
Process 5914 exited: 0
Process 5915 exited: 0
Process 5917 exited: 0
Process 5916 exited: 1
Process 5918 exited: 0
Process 5920 exited: 1
Process 5919 exited: 0
Process 5921 exited: 0
Process 5922 exited: 0
