Process 5926 exited: 0
Process 5927 exited: 0
Process 5929 exited: 1
Process 5930 exited: 0
Process 5931 exited: 0
Process 5925 exited: 0
Process 5928 exited: 0
Process 5932 exited: 0
Process 5933 exited: 0
Process 5936 exited: 0
Process 5937 exited: 71
Process 5934 exited: 0
Process 5935 exited: 0
