Process 5942 exited: 0
Process 5943 exited: 0
Process 5945 exited: 0
